// Vitest Snapshot v1, https://vitest.dev/guide/snapshot.html

exports[`TransferAirtimeComp > render > should render self 1`] = `ShallowWrapper {}`;
