// Vitest Snapshot v1, https://vitest.dev/guide/snapshot.html

exports[`CheckboxElement > should render a checkbox element with title, description > unchecked 1`] = `ShallowWrapper {}`;

exports[`CheckboxElement > should render a checkbox element with title, description 1`] = `
[MockFunction spy] {
  "calls": [
    [
      {
        "checked": true,
      },
    ],
  ],
  "results": [
    {
      "type": "return",
      "value": undefined,
    },
  ],
}
`;

exports[`CheckboxElement > should render a checkbox element with title, description 2`] = `ShallowWrapper {}`;

exports[`CheckboxElement > should render a checkbox element with title, description 3`] = `ShallowWrapper {}`;
