// Vitest Snapshot v1, https://vitest.dev/guide/snapshot.html

exports[`Fixy > renders 1`] = `
<body>
  <div>
    <div
      style="position: absolute;"
    />
  </div>
</body>
`;
