// Vitest Snapshot v1, https://vitest.dev/guide/snapshot.html

exports[`CallWebhookComp > render > should render self 1`] = `
<div
  className="_text_e3ff20"
>
  https://www.example.com
</div>
`;
