// Vitest Snapshot v1, https://vitest.dev/guide/snapshot.html

exports[`PlayAudioComp > render > should render auhio prop when passed 1`] = `ShallowWrapper {}`;

exports[`PlayAudioComp > render > should render placeholder when url prop isn't passed 1`] = `ShallowWrapper {}`;
