// Vitest Snapshot v1, https://vitest.dev/guide/snapshot.html

exports[`SendBroadcastComp > render > should render a long list of both > elided 1`] = `"<div class="_node_e88e5b"><div class="_to_e88e5b"><div class="_name_e88e5b"><div class="_node_asset_9658e1"><div data-use-vue-component-wrap="" style="all:;display:inline-block"></div><span class="_link_25b42d _truncated_25b42d">Cat Facts</span></div><div class="_node_asset_9658e1"><div data-use-vue-component-wrap="" style="all:;display:inline-block"></div><span class="_link_25b42d _truncated_25b42d">Cat Fanciers</span></div><div class="_node_asset_9658e1"><div data-use-vue-component-wrap="" style="all:;display:inline-block"></div><span class="_link_25b42d _truncated_25b42d">Cat Tattoos</span></div><div class="_node_asset_9658e1"><div data-use-vue-component-wrap="" style="all:;display:inline-block"></div><span class="_link_25b42d _truncated_25b42d">Norbert Kwizera</span></div><div>+2 more</div></div></div><div class="_message_e88e5b"><div class="_line_e88e5b">Hello World</div></div></div>"`;

exports[`SendBroadcastComp > render > should render placeholder if missing text > placeholder text 1`] = `"<div class="placeholder">Send a message to the contact</div>"`;

exports[`SendBroadcastComp > render > should render with contacts > contacts 1`] = `"<div class="_node_e88e5b"><div class="_to_e88e5b"><div class="_name_e88e5b"><div class="_node_asset_9658e1"><div data-use-vue-component-wrap="" style="all:;display:inline-block"></div><span class="_link_25b42d _truncated_25b42d">Norbert Kwizera</span></div><div class="_node_asset_9658e1"><div data-use-vue-component-wrap="" style="all:;display:inline-block"></div><span class="_link_25b42d _truncated_25b42d">Kellan Alexander</span></div></div></div><div class="_message_e88e5b"><div class="_line_e88e5b">Hello World</div></div></div>"`;

exports[`SendBroadcastComp > render > should render with groups > groups 1`] = `"<div class="_node_e88e5b"><div class="_to_e88e5b"><div class="_name_e88e5b"><div class="_node_asset_9658e1"><div data-use-vue-component-wrap="" style="all:;display:inline-block"></div><span class="_link_25b42d _truncated_25b42d">Cat Facts</span></div><div class="_node_asset_9658e1"><div data-use-vue-component-wrap="" style="all:;display:inline-block"></div><span class="_link_25b42d _truncated_25b42d">Cat Fanciers</span></div></div></div><div class="_message_e88e5b"><div class="_line_e88e5b">Hello World</div></div></div>"`;
