// Vitest Snapshot v1, https://vitest.dev/guide/snapshot.html

exports[`Pill > renders 1`] = `ShallowWrapper {}`;

exports[`Pill > treats @ text differently 1`] = `ShallowWrapper {}`;
