// Jest Snapshot v1, https://goo.gl/fbAQLP

exports[`OptionsList should render 1`] = `
<body>
  <div>
    <div
      class="list_wrapper"
    >
      <div>
        <span
          class="options_label"
        >
          Add up to 10 options
        </span>
        <div
          class="list_items"
        >
          <div
            class="collapse "
          >
            <div
              class="collapse_header"
              data-testid="Option 1/10"
            >
              <div
                data-use-vue-component-wrap=""
                style="display: flex;"
              >
                <span
                  class="material-symbols-rounded unnnic-icon-scheme--weni-600 unnnic-icon-size--md material-symbols-rounded--filled"
                  data-passed-props="[object Object]"
                  data-v-4ce83152=""
                >
                   check_circle 
                </span>
              </div>
              <span>
                Option 1/10
              </span>
              <div
                class="collapse_icon"
              >
                <div
                  data-use-vue-component-wrap=""
                  style="display: flex;"
                >
                  <span
                    class="material-symbols-rounded unnnic-icon-scheme--neutral-darkest unnnic-icon-size--md"
                    data-passed-props="[object Object]"
                    data-v-4ce83152=""
                  >
                     expand_more 
                  </span>
                </div>
              </div>
            </div>
          </div>
          <div
            class="collapse "
          >
            <div
              class="collapse_header"
              data-testid="Option 2/10"
            >
              <div
                data-use-vue-component-wrap=""
                style="display: flex;"
              >
                <span
                  class="material-symbols-rounded unnnic-icon-scheme--weni-600 unnnic-icon-size--md material-symbols-rounded--filled"
                  data-passed-props="[object Object]"
                  data-v-4ce83152=""
                >
                   check_circle 
                </span>
              </div>
              <span>
                Option 2/10
              </span>
              <div
                class="collapse_icon"
              >
                <div
                  data-use-vue-component-wrap=""
                  style="display: flex;"
                >
                  <span
                    class="material-symbols-rounded unnnic-icon-scheme--neutral-darkest unnnic-icon-size--md"
                    data-passed-props="[object Object]"
                    data-v-4ce83152=""
                  >
                     expand_more 
                  </span>
                </div>
              </div>
            </div>
          </div>
        </div>
      </div>
    </div>
  </div>
</body>
`;
