// Vitest Snapshot v1, https://vitest.dev/guide/snapshot.html

exports[`SayMsgComp > render > should render placeholder when text prop isn't passed 1`] = `ShallowWrapper {}`;

exports[`SayMsgComp > render > should render text prop when passed 1`] = `ShallowWrapper {}`;
