// Vitest Snapshot v1, https://vitest.dev/guide/snapshot.html

exports[`StartSessionComp > render > should render a long list of both contacts and proups 1`] = `
<body>
  <div>
    <div
      class="_node_9ae69d"
    >
      <div
        class="_to_9ae69d"
      >
        <div
          class="_node_asset_9658e1"
        >
          <div
            data-use-vue-component-wrap=""
            data-v-app=""
            style="display: inline-block;"
          >
            <svg
              class="unnnic-icon unnnic-icon__size--avatar-nano unnnic-icon-scheme--neutral-dark _icon_25b42d"
              data-v-930380cc=""
              fill="none"
              height="40"
              viewBox="0 0 40 40"
              width="40"
              xmlns="http://www.w3.org/2000/svg"
            >
              <path
                class="primary"
                d="M20 20.0005C15.865 20.0005 12.5 16.6355 12.5 12.5005C12.5 8.36549 15.865 5.00049 20 5.00049C24.135 5.00049 27.5 8.36549 27.5 12.5005C27.5 16.6355 24.135 20.0005 20 20.0005ZM20 6.87549C16.8988 6.87549 14.375 9.39924 14.375 12.5005C14.375 15.6017 16.8988 18.1255 20 18.1255C23.1012 18.1255 25.625 15.6017 25.625 12.5005C25.625 9.39924 23.1012 6.87549 20 6.87549Z"
                fill="#3B414D"
              />
              <path
                class="primary"
                d="M32.1875 35.0005C31.9389 35.0005 31.7004 34.9017 31.5246 34.7259C31.3488 34.5501 31.25 34.3116 31.25 34.063C31.25 27.8592 26.2038 22.813 20 22.813C13.7963 22.813 8.75 27.8592 8.75 34.063C8.75 34.3116 8.65123 34.5501 8.47541 34.7259C8.2996 34.9017 8.06114 35.0005 7.8125 35.0005C7.56386 35.0005 7.3254 34.9017 7.14959 34.7259C6.97377 34.5501 6.875 34.3116 6.875 34.063C6.875 26.8255 12.7625 20.938 20 20.938C27.2375 20.938 33.125 26.8255 33.125 34.063C33.125 34.3116 33.0262 34.5501 32.8504 34.7259C32.6746 34.9017 32.4361 35.0005 32.1875 35.0005Z"
                fill="#3B414D"
              />
            </svg>
          </div>
          <span
            class="_link_25b42d _truncated_25b42d"
          >
            Cat Fanciers
          </span>
        </div>
        <div
          class="_node_asset_9658e1"
        >
          <div
            data-use-vue-component-wrap=""
            data-v-app=""
            style="display: inline-block;"
          >
            <svg
              class="unnnic-icon unnnic-icon__size--avatar-nano unnnic-icon-scheme--neutral-dark _icon_25b42d"
              data-v-930380cc=""
              fill="none"
              height="40"
              viewBox="0 0 40 40"
              width="40"
              xmlns="http://www.w3.org/2000/svg"
            >
              <path
                class="primary"
                d="M20 20.0005C15.865 20.0005 12.5 16.6355 12.5 12.5005C12.5 8.36549 15.865 5.00049 20 5.00049C24.135 5.00049 27.5 8.36549 27.5 12.5005C27.5 16.6355 24.135 20.0005 20 20.0005ZM20 6.87549C16.8988 6.87549 14.375 9.39924 14.375 12.5005C14.375 15.6017 16.8988 18.1255 20 18.1255C23.1012 18.1255 25.625 15.6017 25.625 12.5005C25.625 9.39924 23.1012 6.87549 20 6.87549Z"
                fill="#3B414D"
              />
              <path
                class="primary"
                d="M32.1875 35.0005C31.9389 35.0005 31.7004 34.9017 31.5246 34.7259C31.3488 34.5501 31.25 34.3116 31.25 34.063C31.25 27.8592 26.2038 22.813 20 22.813C13.7963 22.813 8.75 27.8592 8.75 34.063C8.75 34.3116 8.65123 34.5501 8.47541 34.7259C8.2996 34.9017 8.06114 35.0005 7.8125 35.0005C7.56386 35.0005 7.3254 34.9017 7.14959 34.7259C6.97377 34.5501 6.875 34.3116 6.875 34.063C6.875 26.8255 12.7625 20.938 20 20.938C27.2375 20.938 33.125 26.8255 33.125 34.063C33.125 34.3116 33.0262 34.5501 32.8504 34.7259C32.6746 34.9017 32.4361 35.0005 32.1875 35.0005Z"
                fill="#3B414D"
              />
            </svg>
          </div>
          <span
            class="_link_25b42d _truncated_25b42d"
          >
            Norbert Kwizera
          </span>
        </div>
        <div
          class="_node_asset_9658e1"
        >
          <div
            data-use-vue-component-wrap=""
            data-v-app=""
            style="display: inline-block;"
          >
            <svg
              class="unnnic-icon unnnic-icon__size--avatar-nano unnnic-icon-scheme--neutral-dark _icon_25b42d"
              data-v-930380cc=""
              fill="none"
              height="40"
              viewBox="0 0 40 40"
              width="40"
              xmlns="http://www.w3.org/2000/svg"
            >
              <path
                class="primary"
                d="M20 20.0005C15.865 20.0005 12.5 16.6355 12.5 12.5005C12.5 8.36549 15.865 5.00049 20 5.00049C24.135 5.00049 27.5 8.36549 27.5 12.5005C27.5 16.6355 24.135 20.0005 20 20.0005ZM20 6.87549C16.8988 6.87549 14.375 9.39924 14.375 12.5005C14.375 15.6017 16.8988 18.1255 20 18.1255C23.1012 18.1255 25.625 15.6017 25.625 12.5005C25.625 9.39924 23.1012 6.87549 20 6.87549Z"
                fill="#3B414D"
              />
              <path
                class="primary"
                d="M32.1875 35.0005C31.9389 35.0005 31.7004 34.9017 31.5246 34.7259C31.3488 34.5501 31.25 34.3116 31.25 34.063C31.25 27.8592 26.2038 22.813 20 22.813C13.7963 22.813 8.75 27.8592 8.75 34.063C8.75 34.3116 8.65123 34.5501 8.47541 34.7259C8.2996 34.9017 8.06114 35.0005 7.8125 35.0005C7.56386 35.0005 7.3254 34.9017 7.14959 34.7259C6.97377 34.5501 6.875 34.3116 6.875 34.063C6.875 26.8255 12.7625 20.938 20 20.938C27.2375 20.938 33.125 26.8255 33.125 34.063C33.125 34.3116 33.0262 34.5501 32.8504 34.7259C32.6746 34.9017 32.4361 35.0005 32.1875 35.0005Z"
                fill="#3B414D"
              />
            </svg>
          </div>
          <span
            class="_link_25b42d _truncated_25b42d"
          >
            Kellan Alexander
          </span>
        </div>
        <div
          class="_node_asset_9658e1"
        >
          <div
            data-use-vue-component-wrap=""
            data-v-app=""
            style="display: inline-block;"
          >
            <svg
              class="unnnic-icon unnnic-icon__size--avatar-nano unnnic-icon-scheme--neutral-dark _icon_25b42d"
              data-v-930380cc=""
              fill="none"
              height="40"
              viewBox="0 0 40 40"
              width="40"
              xmlns="http://www.w3.org/2000/svg"
            >
              <path
                class="primary"
                d="M20 20.0005C15.865 20.0005 12.5 16.6355 12.5 12.5005C12.5 8.36549 15.865 5.00049 20 5.00049C24.135 5.00049 27.5 8.36549 27.5 12.5005C27.5 16.6355 24.135 20.0005 20 20.0005ZM20 6.87549C16.8988 6.87549 14.375 9.39924 14.375 12.5005C14.375 15.6017 16.8988 18.1255 20 18.1255C23.1012 18.1255 25.625 15.6017 25.625 12.5005C25.625 9.39924 23.1012 6.87549 20 6.87549Z"
                fill="#3B414D"
              />
              <path
                class="primary"
                d="M32.1875 35.0005C31.9389 35.0005 31.7004 34.9017 31.5246 34.7259C31.3488 34.5501 31.25 34.3116 31.25 34.063C31.25 27.8592 26.2038 22.813 20 22.813C13.7963 22.813 8.75 27.8592 8.75 34.063C8.75 34.3116 8.65123 34.5501 8.47541 34.7259C8.2996 34.9017 8.06114 35.0005 7.8125 35.0005C7.56386 35.0005 7.3254 34.9017 7.14959 34.7259C6.97377 34.5501 6.875 34.3116 6.875 34.063C6.875 26.8255 12.7625 20.938 20 20.938C27.2375 20.938 33.125 26.8255 33.125 34.063C33.125 34.3116 33.0262 34.5501 32.8504 34.7259C32.6746 34.9017 32.4361 35.0005 32.1875 35.0005Z"
                fill="#3B414D"
              />
            </svg>
          </div>
          <span
            class="_link_25b42d _truncated_25b42d"
          >
            Rowan Seymour
          </span>
        </div>
        <div>
          +
          2
           more
        </div>
      </div>
      <div
        class="_flow_9ae69d"
      >
        <div
          class="_node_asset_9658e1"
        >
          <div
            data-use-vue-component-wrap=""
            data-v-app=""
            style="display: inline-block;"
          >
            <svg
              class="unnnic-icon unnnic-icon__size--avatar-nano unnnic-icon-scheme--neutral-dark _icon_25b42d"
              data-v-930380cc=""
              fill="none"
              height="40"
              viewBox="0 0 40 40"
              width="40"
              xmlns="http://www.w3.org/2000/svg"
            >
              <path
                class="primary"
                d="M6.875 35.0005C5.84125 35.0005 5 34.1592 5 33.1255V29.3755C5 28.3417 5.84125 27.5005 6.875 27.5005H21.875C22.9088 27.5005 23.75 28.3417 23.75 29.3755V31.2505H26.5625C27.08 31.2505 27.5 30.8305 27.5 30.313V25.6255H18.125C17.0913 25.6255 16.25 24.7842 16.25 23.7505V20.0005C16.25 18.9667 17.0913 18.1255 18.125 18.1255H21.875V17.188C21.875 16.6705 21.455 16.2505 20.9375 16.2505H15.3125C13.7612 16.2505 12.5 14.9892 12.5 13.438V12.5005H6.875C5.84125 12.5005 5 11.6592 5 10.6255V6.87549C5 5.84174 5.84125 5.00049 6.875 5.00049H21.875C22.9088 5.00049 23.75 5.84174 23.75 6.87549V10.6255C23.75 11.6592 22.9088 12.5005 21.875 12.5005H14.375V13.438C14.375 13.9555 14.795 14.3755 15.3125 14.3755H20.9375C22.4888 14.3755 23.75 15.6367 23.75 17.188V18.1255H33.125C34.1588 18.1255 35 18.9667 35 20.0005V23.7505C35 24.7842 34.1588 25.6255 33.125 25.6255H29.375V30.313C29.375 31.8642 28.1138 33.1255 26.5625 33.1255H23.75C23.75 34.1592 22.9088 35.0005 21.875 35.0005H6.875ZM6.875 33.1255H21.875V29.3755H6.875V33.1255ZM18.125 23.7505H33.125V20.0005H18.125V23.7505ZM6.875 10.6255H21.875V6.87549H6.875V10.6255Z"
                fill="#3B414D"
              />
            </svg>
          </div>
          <a
            class="_link_25b42d"
            href="/flow/editor/flow_uuid"
            rel="noopener noreferrer"
            target="_blank"
          >
            Flow to Start
          </a>
        </div>
      </div>
    </div>
  </div>
</body>
`;

exports[`StartSessionComp > render > should render all props 1`] = `
<body>
  <div>
    <div
      class="_node_9ae69d"
    >
      <div
        class="_to_9ae69d"
      >
        <div
          class="_node_asset_9658e1"
        >
          <div
            data-use-vue-component-wrap=""
            data-v-app=""
            style="display: inline-block;"
          >
            <svg
              class="unnnic-icon unnnic-icon__size--avatar-nano unnnic-icon-scheme--neutral-dark _icon_25b42d"
              data-v-930380cc=""
              fill="none"
              height="40"
              viewBox="0 0 40 40"
              width="40"
              xmlns="http://www.w3.org/2000/svg"
            >
              <path
                class="primary"
                d="M20 20.0005C15.865 20.0005 12.5 16.6355 12.5 12.5005C12.5 8.36549 15.865 5.00049 20 5.00049C24.135 5.00049 27.5 8.36549 27.5 12.5005C27.5 16.6355 24.135 20.0005 20 20.0005ZM20 6.87549C16.8988 6.87549 14.375 9.39924 14.375 12.5005C14.375 15.6017 16.8988 18.1255 20 18.1255C23.1012 18.1255 25.625 15.6017 25.625 12.5005C25.625 9.39924 23.1012 6.87549 20 6.87549Z"
                fill="#3B414D"
              />
              <path
                class="primary"
                d="M32.1875 35.0005C31.9389 35.0005 31.7004 34.9017 31.5246 34.7259C31.3488 34.5501 31.25 34.3116 31.25 34.063C31.25 27.8592 26.2038 22.813 20 22.813C13.7963 22.813 8.75 27.8592 8.75 34.063C8.75 34.3116 8.65123 34.5501 8.47541 34.7259C8.2996 34.9017 8.06114 35.0005 7.8125 35.0005C7.56386 35.0005 7.3254 34.9017 7.14959 34.7259C6.97377 34.5501 6.875 34.3116 6.875 34.063C6.875 26.8255 12.7625 20.938 20 20.938C27.2375 20.938 33.125 26.8255 33.125 34.063C33.125 34.3116 33.0262 34.5501 32.8504 34.7259C32.6746 34.9017 32.4361 35.0005 32.1875 35.0005Z"
                fill="#3B414D"
              />
            </svg>
          </div>
          <span
            class="_link_25b42d _truncated_25b42d"
          >
            Cat Fanciers
          </span>
        </div>
        <div
          class="_node_asset_9658e1"
        >
          <div
            data-use-vue-component-wrap=""
            data-v-app=""
            style="display: inline-block;"
          >
            <svg
              class="unnnic-icon unnnic-icon__size--avatar-nano unnnic-icon-scheme--neutral-dark _icon_25b42d"
              data-v-930380cc=""
              fill="none"
              height="40"
              viewBox="0 0 40 40"
              width="40"
              xmlns="http://www.w3.org/2000/svg"
            >
              <path
                class="primary"
                d="M20 20.0005C15.865 20.0005 12.5 16.6355 12.5 12.5005C12.5 8.36549 15.865 5.00049 20 5.00049C24.135 5.00049 27.5 8.36549 27.5 12.5005C27.5 16.6355 24.135 20.0005 20 20.0005ZM20 6.87549C16.8988 6.87549 14.375 9.39924 14.375 12.5005C14.375 15.6017 16.8988 18.1255 20 18.1255C23.1012 18.1255 25.625 15.6017 25.625 12.5005C25.625 9.39924 23.1012 6.87549 20 6.87549Z"
                fill="#3B414D"
              />
              <path
                class="primary"
                d="M32.1875 35.0005C31.9389 35.0005 31.7004 34.9017 31.5246 34.7259C31.3488 34.5501 31.25 34.3116 31.25 34.063C31.25 27.8592 26.2038 22.813 20 22.813C13.7963 22.813 8.75 27.8592 8.75 34.063C8.75 34.3116 8.65123 34.5501 8.47541 34.7259C8.2996 34.9017 8.06114 35.0005 7.8125 35.0005C7.56386 35.0005 7.3254 34.9017 7.14959 34.7259C6.97377 34.5501 6.875 34.3116 6.875 34.063C6.875 26.8255 12.7625 20.938 20 20.938C27.2375 20.938 33.125 26.8255 33.125 34.063C33.125 34.3116 33.0262 34.5501 32.8504 34.7259C32.6746 34.9017 32.4361 35.0005 32.1875 35.0005Z"
                fill="#3B414D"
              />
            </svg>
          </div>
          <span
            class="_link_25b42d _truncated_25b42d"
          >
            Norbert Kwizera
          </span>
        </div>
        <div
          class="_node_asset_9658e1"
        >
          <div
            data-use-vue-component-wrap=""
            data-v-app=""
            style="display: inline-block;"
          >
            <svg
              class="unnnic-icon unnnic-icon__size--avatar-nano unnnic-icon-scheme--neutral-dark _icon_25b42d"
              data-v-930380cc=""
              fill="none"
              height="40"
              viewBox="0 0 40 40"
              width="40"
              xmlns="http://www.w3.org/2000/svg"
            >
              <path
                class="primary"
                d="M20 20.0005C15.865 20.0005 12.5 16.6355 12.5 12.5005C12.5 8.36549 15.865 5.00049 20 5.00049C24.135 5.00049 27.5 8.36549 27.5 12.5005C27.5 16.6355 24.135 20.0005 20 20.0005ZM20 6.87549C16.8988 6.87549 14.375 9.39924 14.375 12.5005C14.375 15.6017 16.8988 18.1255 20 18.1255C23.1012 18.1255 25.625 15.6017 25.625 12.5005C25.625 9.39924 23.1012 6.87549 20 6.87549Z"
                fill="#3B414D"
              />
              <path
                class="primary"
                d="M32.1875 35.0005C31.9389 35.0005 31.7004 34.9017 31.5246 34.7259C31.3488 34.5501 31.25 34.3116 31.25 34.063C31.25 27.8592 26.2038 22.813 20 22.813C13.7963 22.813 8.75 27.8592 8.75 34.063C8.75 34.3116 8.65123 34.5501 8.47541 34.7259C8.2996 34.9017 8.06114 35.0005 7.8125 35.0005C7.56386 35.0005 7.3254 34.9017 7.14959 34.7259C6.97377 34.5501 6.875 34.3116 6.875 34.063C6.875 26.8255 12.7625 20.938 20 20.938C27.2375 20.938 33.125 26.8255 33.125 34.063C33.125 34.3116 33.0262 34.5501 32.8504 34.7259C32.6746 34.9017 32.4361 35.0005 32.1875 35.0005Z"
                fill="#3B414D"
              />
            </svg>
          </div>
          <span
            class="_link_25b42d _truncated_25b42d"
          >
            Rowan Seymour
          </span>
        </div>
      </div>
      <div
        class="_flow_9ae69d"
      >
        <div
          class="_node_asset_9658e1"
        >
          <div
            data-use-vue-component-wrap=""
            data-v-app=""
            style="display: inline-block;"
          >
            <svg
              class="unnnic-icon unnnic-icon__size--avatar-nano unnnic-icon-scheme--neutral-dark _icon_25b42d"
              data-v-930380cc=""
              fill="none"
              height="40"
              viewBox="0 0 40 40"
              width="40"
              xmlns="http://www.w3.org/2000/svg"
            >
              <path
                class="primary"
                d="M6.875 35.0005C5.84125 35.0005 5 34.1592 5 33.1255V29.3755C5 28.3417 5.84125 27.5005 6.875 27.5005H21.875C22.9088 27.5005 23.75 28.3417 23.75 29.3755V31.2505H26.5625C27.08 31.2505 27.5 30.8305 27.5 30.313V25.6255H18.125C17.0913 25.6255 16.25 24.7842 16.25 23.7505V20.0005C16.25 18.9667 17.0913 18.1255 18.125 18.1255H21.875V17.188C21.875 16.6705 21.455 16.2505 20.9375 16.2505H15.3125C13.7612 16.2505 12.5 14.9892 12.5 13.438V12.5005H6.875C5.84125 12.5005 5 11.6592 5 10.6255V6.87549C5 5.84174 5.84125 5.00049 6.875 5.00049H21.875C22.9088 5.00049 23.75 5.84174 23.75 6.87549V10.6255C23.75 11.6592 22.9088 12.5005 21.875 12.5005H14.375V13.438C14.375 13.9555 14.795 14.3755 15.3125 14.3755H20.9375C22.4888 14.3755 23.75 15.6367 23.75 17.188V18.1255H33.125C34.1588 18.1255 35 18.9667 35 20.0005V23.7505C35 24.7842 34.1588 25.6255 33.125 25.6255H29.375V30.313C29.375 31.8642 28.1138 33.1255 26.5625 33.1255H23.75C23.75 34.1592 22.9088 35.0005 21.875 35.0005H6.875ZM6.875 33.1255H21.875V29.3755H6.875V33.1255ZM18.125 23.7505H33.125V20.0005H18.125V23.7505ZM6.875 10.6255H21.875V6.87549H6.875V10.6255Z"
                fill="#3B414D"
              />
            </svg>
          </div>
          <a
            class="_link_25b42d"
            href="/flow/editor/flow_uuid"
            rel="noopener noreferrer"
            target="_blank"
          >
            Flow to Start
          </a>
        </div>
      </div>
    </div>
  </div>
</body>
`;

exports[`StartSessionComp > render > should render creating a new contact 1`] = `
<body>
  <div>
    <div
      class="_node_9ae69d"
    >
      <div
        class="_to_9ae69d"
      >
        Create a new contact
      </div>
      <div
        class="_flow_9ae69d"
      >
        <div
          class="_node_asset_9658e1"
        >
          <div
            data-use-vue-component-wrap=""
            data-v-app=""
            style="display: inline-block;"
          >
            <svg
              class="unnnic-icon unnnic-icon__size--avatar-nano unnnic-icon-scheme--neutral-dark _icon_25b42d"
              data-v-930380cc=""
              fill="none"
              height="40"
              viewBox="0 0 40 40"
              width="40"
              xmlns="http://www.w3.org/2000/svg"
            >
              <path
                class="primary"
                d="M6.875 35.0005C5.84125 35.0005 5 34.1592 5 33.1255V29.3755C5 28.3417 5.84125 27.5005 6.875 27.5005H21.875C22.9088 27.5005 23.75 28.3417 23.75 29.3755V31.2505H26.5625C27.08 31.2505 27.5 30.8305 27.5 30.313V25.6255H18.125C17.0913 25.6255 16.25 24.7842 16.25 23.7505V20.0005C16.25 18.9667 17.0913 18.1255 18.125 18.1255H21.875V17.188C21.875 16.6705 21.455 16.2505 20.9375 16.2505H15.3125C13.7612 16.2505 12.5 14.9892 12.5 13.438V12.5005H6.875C5.84125 12.5005 5 11.6592 5 10.6255V6.87549C5 5.84174 5.84125 5.00049 6.875 5.00049H21.875C22.9088 5.00049 23.75 5.84174 23.75 6.87549V10.6255C23.75 11.6592 22.9088 12.5005 21.875 12.5005H14.375V13.438C14.375 13.9555 14.795 14.3755 15.3125 14.3755H20.9375C22.4888 14.3755 23.75 15.6367 23.75 17.188V18.1255H33.125C34.1588 18.1255 35 18.9667 35 20.0005V23.7505C35 24.7842 34.1588 25.6255 33.125 25.6255H29.375V30.313C29.375 31.8642 28.1138 33.1255 26.5625 33.1255H23.75C23.75 34.1592 22.9088 35.0005 21.875 35.0005H6.875ZM6.875 33.1255H21.875V29.3755H6.875V33.1255ZM18.125 23.7505H33.125V20.0005H18.125V23.7505ZM6.875 10.6255H21.875V6.87549H6.875V10.6255Z"
                fill="#3B414D"
              />
            </svg>
          </div>
          <a
            class="_link_25b42d"
            href="/flow/editor/flow_uuid"
            rel="noopener noreferrer"
            target="_blank"
          >
            Flow to Start
          </a>
        </div>
      </div>
    </div>
  </div>
</body>
`;
