// Jest Snapshot v1, https://goo.gl/fbAQLP

exports[`WeniGPTRouterForm should render 1`] = `
<Dialog
  buttons={
    Object {
      "primary": Object {
        "name": "Save",
        "onClick": [Function],
      },
      "secondary": Object {
        "name": "Cancel",
        "onClick": [Function],
      },
    }
  }
  headerClass="call_webhook"
  title="Call webhook"
>
  <TypeList
    __className=""
    initialType={
      Object {
        "aliases": Array [
          "split_by_webhook",
        ],
        "component": [Function],
        "description": "Call a webhook",
        "form": [Function],
        "localization": [Function],
        "localizeableKeys": Array [
          "exits",
        ],
        "name": "Call webhook",
        "type": "call_webhook",
        "visibility": Array [
          "messaging",
          "messaging_background",
          "voice",
        ],
      }
    }
    onChange={[MockFunction]}
  />
  <div
    className="content"
  >
    <div
      className="knowledge_base"
    >
      <SelectElement
        entry={
          Object {
            "value": null,
          }
        }
        key="knowledge_base_select"
        name="Knowledge Base"
        nameKey="label"
        onChange={[Function]}
        options={
          Array [
            Object {
              "content": Object {
                "content": [Circular],
                "id": "1",
                "intelligence": "Intelligence 1",
                "name": "Base 1",
              },
              "id": "1",
              "intelligence": "Intelligence 1",
              "label": "Intelligence 1 - Base 1",
              "name": "Base 1",
            },
            Object {
              "content": Object {
                "content": [Circular],
                "id": "2",
                "intelligence": "Intelligence 1",
                "name": "Base 2",
              },
              "id": "2",
              "intelligence": "Intelligence 1",
              "label": "Intelligence 1 - Base 2",
              "name": "Base 2",
            },
            Object {
              "content": Object {
                "content": [Circular],
                "id": "3",
                "intelligence": "Intelligence 2",
                "name": "Base 1",
              },
              "id": "3",
              "intelligence": "Intelligence 2",
              "label": "Intelligence 2 - Base 1",
              "name": "Base 1",
            },
          ]
        }
        placeholder="Select a knowledge base"
        showLabel={true}
        valueKey="id"
      />
      <div
        className="message"
      >
        <span>
          Don't have any knowledge base for your AI yet?
        </span>
        <span
          className="link"
          onClick={[Function]}
        >
          Click here
        </span>
      </div>
    </div>
    <TextInputElement
      autocomplete={true}
      entry={
        Object {
          "value": "@input.text",
        }
      }
      name="Insert an expression to be used as input"
      onChange={[Function]}
      placeholder="Ex: @input.text"
      showLabel={true}
      textarea={true}
    />
  </div>
  <OptionalTextInput
    maxLength={64}
    name="Save as result"
    onChange={[Function]}
    toggleText="Save as"
    value={
      Object {
        "value": "Result",
      }
    }
  />
</Dialog>
`;

exports[`WeniGPTRouterForm updates should save changes 1`] = `
Array [
  Object {
    "inboundConnections": Object {},
    "node": Object {
      "actions": Array [
        Object {
          "input": "Updated expression input data",
          "knowledge_base": "3",
          "result_name": "My Webhook Result",
          "type": "call_wenigpt",
          "uuid": "2dc85899-0577-4f1b-a620-f12094e34b5e",
        },
      ],
      "exits": Array [
        Object {
          "destination_uuid": null,
          "uuid": "42ebf1d0-a43e-4ba6-9577-c863b20c88c4",
        },
        Object {
          "destination_uuid": null,
          "uuid": "70ac6ea6-803a-4c33-81c7-dc26803c313f",
        },
      ],
      "router": Object {
        "cases": Array [
          Object {
            "arguments": Array [
              "Success",
            ],
            "category_uuid": "e67ce051-f3e4-4c42-807b-e393df5fa382",
            "type": "has_only_text",
            "uuid": "6c22884b-0e35-4206-982e-18320691eda9",
          },
        ],
        "categories": Array [
          Object {
            "exit_uuid": "42ebf1d0-a43e-4ba6-9577-c863b20c88c4",
            "name": "Success",
            "uuid": "e67ce051-f3e4-4c42-807b-e393df5fa382",
          },
          Object {
            "exit_uuid": "70ac6ea6-803a-4c33-81c7-dc26803c313f",
            "name": "Failure",
            "uuid": "e0bc3776-792f-49d2-b4be-48be2cf8159a",
          },
        ],
        "default_category_uuid": "e0bc3776-792f-49d2-b4be-48be2cf8159a",
        "operand": "@results.my_webhook_result.category",
        "type": "switch",
      },
      "uuid": "132de855-4042-4dc1-a18f-cc2e6a8f790a",
    },
    "ui": Object {
      "config": Object {},
      "position": null,
      "type": "split_by_wenigpt",
    },
  },
]
`;
