// Vitest Snapshot v1, https://vitest.dev/guide/snapshot.html

exports[`ActionWrapper > render > should display hybrid style 1`] = `ShallowWrapper {}`;

exports[`ActionWrapper > render > should display missing_localization style 1`] = `ShallowWrapper {}`;

exports[`ActionWrapper > render > should display not_localizable style 1`] = `ShallowWrapper {}`;

exports[`ActionWrapper > render > should display translating style 1`] = `ShallowWrapper {}`;

exports[`ActionWrapper > render > should render self, children with base props 1`] = `
{
  "__className": "_send_msg_9658e1",
  "hasIssues": false,
  "new": undefined,
  "onMoveUp": [Function],
  "onRemoval": [Function],
  "selected": false,
  "shouldCancelClick": [Function],
  "showMove": false,
  "showRemoval": true,
  "title": "Send message",
}
`;

exports[`ActionWrapper > render > should render self, children with base props 2`] = `ShallowWrapper {}`;

exports[`ActionWrapper > render > should show move icon 1`] = `ShallowWrapper {}`;
